2026-05-02 18:24:04 - INFO - tabkan - Running XGBoost paper-faithful preprocessing pipeline.
2026-05-02 18:24:05 - INFO - tabkan - Loaded dataset /Users/gian1/CODE/HSG/FS26/DeepLearning/DeepLearning/data/prudential-life-insurance-assessment/train.csv with shape (59381, 128)
2026-05-02 18:24:05 - INFO - tabkan - Per-column missing counts (original data):
Id                         0
Product_Info_1             0
Product_Info_2             0
Product_Info_3             0
Product_Info_4             0
Product_Info_5             0
Product_Info_6             0
Product_Info_7             0
Ins_Age                    0
Ht                         0
Wt                         0
BMI                        0
Employment_Info_1         19
Employment_Info_2          0
Employment_Info_3          0
Employment_Info_4       6779
Employment_Info_5          0
Employment_Info_6      10854
InsuredInfo_1              0
InsuredInfo_2              0
InsuredInfo_3              0
InsuredInfo_4              0
InsuredInfo_5              0
InsuredInfo_6              0
InsuredInfo_7              0
Insurance_History_1        0
Insurance_History_2        0
Insurance_History_3        0
Insurance_History_4        0
Insurance_History_5    25396
Insurance_History_7        0
Insurance_History_8        0
Insurance_History_9        0
Family_Hist_1              0
Family_Hist_2          28656
Family_Hist_3          34241
Family_Hist_4          19184
Family_Hist_5          41811
Medical_History_1       8889
Medical_History_2          0
Medical_History_3          0
Medical_History_4          0
Medical_History_5          0
Medical_History_6          0
Medical_History_7          0
Medical_History_8          0
Medical_History_9          0
Medical_History_10     58824
Medical_History_11         0
Medical_History_12         0
Medical_History_13         0
Medical_History_14         0
Medical_History_15     44596
Medical_History_16         0
Medical_History_17         0
Medical_History_18         0
Medical_History_19         0
Medical_History_20         0
Medical_History_21         0
Medical_History_22         0
Medical_History_23         0
Medical_History_24     55580
Medical_History_25         0
Medical_History_26         0
Medical_History_27         0
Medical_History_28         0
Medical_History_29         0
Medical_History_30         0
Medical_History_31         0
Medical_History_32     58274
Medical_History_33         0
Medical_History_34         0
Medical_History_35         0
Medical_History_36         0
Medical_History_37         0
Medical_History_38         0
Medical_History_39         0
Medical_History_40         0
Medical_History_41         0
Medical_Keyword_1          0
Medical_Keyword_2          0
Medical_Keyword_3          0
Medical_Keyword_4          0
Medical_Keyword_5          0
Medical_Keyword_6          0
Medical_Keyword_7          0
Medical_Keyword_8          0
Medical_Keyword_9          0
Medical_Keyword_10         0
Medical_Keyword_11         0
Medical_Keyword_12         0
Medical_Keyword_13         0
Medical_Keyword_14         0
Medical_Keyword_15         0
Medical_Keyword_16         0
Medical_Keyword_17         0
Medical_Keyword_18         0
Medical_Keyword_19         0
Medical_Keyword_20         0
Medical_Keyword_21         0
Medical_Keyword_22         0
Medical_Keyword_23         0
Medical_Keyword_24         0
Medical_Keyword_25         0
Medical_Keyword_26         0
Medical_Keyword_27         0
Medical_Keyword_28         0
Medical_Keyword_29         0
Medical_Keyword_30         0
Medical_Keyword_31         0
Medical_Keyword_32         0
Medical_Keyword_33         0
Medical_Keyword_34         0
Medical_Keyword_35         0
Medical_Keyword_36         0
Medical_Keyword_37         0
Medical_Keyword_38         0
Medical_Keyword_39         0
Medical_Keyword_40         0
Medical_Keyword_41         0
Medical_Keyword_42         0
Medical_Keyword_43         0
Medical_Keyword_44         0
Medical_Keyword_45         0
Medical_Keyword_46         0
Medical_Keyword_47         0
Medical_Keyword_48         0
Response                   0
2026-05-02 18:24:05 - INFO - tabkan - Product_Info_2 deterministic mapping (19 categories): {'A1': 0, 'A2': 1, 'A3': 2, 'A4': 3, 'A5': 4, 'A6': 5, 'A7': 6, 'A8': 7, 'B1': 8, 'B2': 9, 'C1': 10, 'C2': 11, 'C3': 12, 'C4': 13, 'D1': 14, 'D2': 15, 'D3': 16, 'D4': 17, 'E1': 18}
2026-05-02 18:24:05 - INFO - tabkan - Feature matrix shape after preprocessing (paper-faithful): (59381, 126)
2026-05-02 18:24:05 - INFO - tabkan - Target shape: (59381,)
2026-05-02 18:24:05 - INFO - tabkan - Outer split shapes -> train: (47504, 126) / (47504,), test: (11877, 126) / (11877,)
2026-05-02 18:24:05 - INFO - tabkan - Inner split 1 shapes -> train: (38003, 126) / (38003,), val: (9501, 126) / (9501,)
2026-05-02 18:24:05 - INFO - tabkan - Inner split 2 shapes -> train: (38003, 126) / (38003,), val: (9501, 126) / (9501,)
2026-05-02 18:24:05 - INFO - tabkan - Inner split 3 shapes -> train: (38003, 126) / (38003,), val: (9501, 126) / (9501,)
2026-05-02 18:24:05 - INFO - tabkan - Inner split 4 shapes -> train: (38003, 126) / (38003,), val: (9501, 126) / (9501,)
2026-05-02 18:24:05 - INFO - tabkan - Inner split 5 shapes -> train: (38003, 126) / (38003,), val: (9501, 126) / (9501,)
2026-05-02 19:50:00 - INFO - tabkan - Feature matrix shape after preprocessing (paper-faithful): (19765, 126)
2026-05-02 19:50:00 - INFO - tabkan - No target column present during transform; returning features only.

Experiment 'stage-c-tabpfn-full-seed2024' finished.
Seed: 2024
Device: mps
  mae: 1.2416
  accuracy: 0.3971
  f1_macro: 0.2464
  qwk: 0.6346
Run summary saved to artifacts/stage-c-tabpfn-full-seed2024/run-summary-20260502-174958.json
Checkpoint saved to checkpoints/stage-c-tabpfn-full-seed2024/model-20260502-174958.joblib
Test predictions saved to artifacts/stage-c-tabpfn-full-seed2024/test-predictions-20260502-174958.csv
